------------------------------------------------------------
Timing Analyzer Summary
------------------------------------------------------------

Type  : Slow 1100mV 85C Model Setup 'clk'
Slack : -11.262
TNS   : -3852.327

Type  : Slow 1100mV 85C Model Hold 'clk'
Slack : 0.321
TNS   : 0.000

Type  : Slow 1100mV 85C Model Minimum Pulse Width 'clk'
Slack : -2.225
TNS   : -2012.126

Type  : Slow 1100mV 0C Model Setup 'clk'
Slack : -11.039
TNS   : -3857.585

Type  : Slow 1100mV 0C Model Hold 'clk'
Slack : 0.281
TNS   : 0.000

Type  : Slow 1100mV 0C Model Minimum Pulse Width 'clk'
Slack : -2.225
TNS   : -2064.403

Type  : Fast 1100mV 85C Model Setup 'clk'
Slack : -5.999
TNS   : -2015.916

Type  : Fast 1100mV 85C Model Hold 'clk'
Slack : 0.176
TNS   : 0.000

Type  : Fast 1100mV 85C Model Minimum Pulse Width 'clk'
Slack : -1.702
TNS   : -1164.614

Type  : Fast 1100mV 0C Model Setup 'clk'
Slack : -5.402
TNS   : -1839.904

Type  : Fast 1100mV 0C Model Hold 'clk'
Slack : 0.154
TNS   : 0.000

Type  : Fast 1100mV 0C Model Minimum Pulse Width 'clk'
Slack : -1.702
TNS   : -1166.847

------------------------------------------------------------
